$ bun --bun next build
▲ Next.js 16.1.6 (Turbopack)
- Experiments (use with caution):
  · clientTraceMetadata
  · optimizePackageImports
  · webVitalsAttribution

  Creating an optimized production build ...
✓ Compiled successfully in 13.1s
  Running next.config.js provided runAfterProductionCompile ...
✓ Completed runAfterProductionCompile in 355ms
  Skipping validation of types
  Collecting page data using 11 workers ...
Error: Missing Supabase environment variables
    at module evaluation (.next/server/chunks/_1078da21._.js:60:193)
    at instantiateModule (.next/server/chunks/[turbopack]_runtime.js:740:9)
    at getOrInstantiateModuleFromParent (.next/server/chunks/[turbopack]_runtime.js:763:12)
    at esmImport (.next/server/chunks/[turbopack]_runtime.js:228:20)
    at module evaluation (.next/server/chunks/[root-of-the-server]__e737ff3e._.js:2:2008)
    at instantiateModule (.next/server/chunks/[turbopack]_runtime.js:740:9)
    at instantiateRuntimeModule (.next/server/chunks/[turbopack]_runtime.js:768:12)
    at getOrInstantiateRuntimeModule (.next/server/chunks/[turbopack]_runtime.js:781:12)
    at m (.next/server/chunks/[turbopack]_runtime.js:790:18)
    at <anonymous> (.next/server/app/api/admin/email/sync/route.js:7:3)
Error: Missing Supabase environment variables
    at module evaluation (.next/server/chunks/_6ade75b7._.js:60:193)
    at instantiateModule (.next/server/chunks/[turbopack]_runtime.js:740:9)
    at getOrInstantiateModuleFromParent (.next/server/chunks/[turbopack]_runtime.js:763:12)
    at esmImport (.next/server/chunks/[turbopack]_runtime.js:228:20)
    at module evaluation (.next/server/chunks/[root-of-the-server]__073d383b._.js:2:907)
    at instantiateModule (.next/server/chunks/[turbopack]_runtime.js:740:9)
    at getOrInstantiateModuleFromParent (.next/server/chunks/[turbopack]_runtime.js:763:12)
    at esmImport (.next/server/chunks/[turbopack]_runtime.js:228:20)
    at module evaluation (.next/server/chunks/[root-of-the-server]__073d383b._.js:2:2210)
    at instantiateModule (.next/server/chunks/[turbopack]_runtime.js:740:9)

> Build error occurred
Error: Failed to collect page data for /api/admin/email/sync
    at processTicksAndRejections (null)
    at processTicksAndRejections (null) {
  type: 'Error'
}
error: "next" exited with code 1
error: script "build" exited with code 1
