$ bun test --ci --coverage src/__tests__/actions/admin.test.ts && bun test --ci --coverage src/__tests__/actions/auth.test.ts src/__tests__/actions/email.test.ts src/__tests__/actions/newsletter.test.ts src/__tests__/actions/products.test.ts src/__tests__/lib/ src/store/ src/utils/ src/api/ src/lib/logger/ src/lib/testing/ && bun test --ci --coverage src/__tests__/actions/chat.test.ts && bun test --ci --coverage src/__tests__/integration/
bun test v1.3.9-canary.20 (ddefa110)

src/__tests__/actions/admin.test.ts:
(pass) Admin Server Actions > Admin Access Verification > should reject unauthenticated users [0.29ms]
(pass) Admin Server Actions > Admin Access Verification > should reject non-admin users [0.27ms]
(pass) Admin Server Actions > Admin Access Verification > should allow admin users [0.14ms]
(pass) Admin Server Actions > Admin Access Verification > should allow superadmin users [0.05ms]
(pass) Admin Server Actions > approveListing > should approve valid listing [0.07ms]
(pass) Admin Server Actions > approveListing > should reject invalid listing ID
(pass) Admin Server Actions > approveListing > should reject negative listing ID
(pass) Admin Server Actions > approveListing > should return not found for non-existent listing
[checkUserIsAdmin] Query error: Database connection failed
(pass) Admin Server Actions > approveListing > should handle database error [0.17ms]
(pass) Admin Server Actions > rejectListing > should reject listing with valid reason [0.85ms]
(pass) Admin Server Actions > rejectListing > should fail with empty reason [0.16ms]
(pass) Admin Server Actions > rejectListing > should fail with invalid listing ID [0.09ms]
(pass) Admin Server Actions > rejectListing > should return not found for non-existent listing [0.05ms]
(pass) Admin Server Actions > updateUserRole > should update user role successfully [0.60ms]
(pass) Admin Server Actions > updateUserRole > should prevent changing own role
(pass) Admin Server Actions > updateUserRole > should fail with invalid user ID [0.13ms]
(pass) Admin Server Actions > updateUserRole > should fail with empty role [0.13ms]
(pass) Admin Server Actions > updateUserRole > should fail when role not found [0.03ms]
(pass) Admin Server Actions > banUser > should ban user with valid reason [0.34ms]
(pass) Admin Server Actions > banUser > should prevent banning yourself [0.11ms]
(pass) Admin Server Actions > banUser > should fail with invalid user ID [0.04ms]
(pass) Admin Server Actions > banUser > should fail with empty reason [0.05ms]
(pass) Admin Server Actions > banUser > should return not found for non-existent user [0.06ms]
(pass) Admin Server Actions > unbanUser > should unban banned user [0.32ms]
(pass) Admin Server Actions > unbanUser > should fail if user is already active
(pass) Admin Server Actions > unbanUser > should fail with invalid user ID [0.26ms]
(pass) Admin Server Actions > unbanUser > should return not found for non-existent user [0.08ms]
(pass) Admin Server Actions > getUsers > should return users with default pagination [0.63ms]
(pass) Admin Server Actions > getUsers > should reject non-admin users [0.08ms]
(pass) Admin Server Actions > getUsers > should validate page parameter [0.03ms]
(pass) Admin Server Actions > getUsers > should validate limit parameter [0.10ms]
(pass) Admin Server Actions > getUsers > should handle search filter [0.07ms]
(pass) Admin Server Actions > getUsers > should handle is_active filter [0.12ms]
------------------------------------|---------|---------|-------------------
File                                | % Funcs | % Lines | Uncovered Line #s
------------------------------------|---------|---------|-------------------
All files                           |   18.19 |   30.97 |
 src/__tests__/happydom.ts          |  100.00 |  100.00 | 
 src/__tests__/mock-state.ts        |  100.00 |  100.00 | 
 src/__tests__/setup.ts             |   10.42 |   55.48 | 41-52,80-82,112-118,129-136,141-153,158-159,171-179,186-190,195-203
 src/app/actions/admin.ts           |   95.24 |   83.79 | 126,166-167,181-182,201,220-221,235-236,293-294,326,336-337,360,362-367,369-372,381,408-409,422-423,443,445-451,453,462,489-490,508-509,527,529-534,536,545,571-572,585-587
 src/lib/api/admin-email.ts         |    0.00 |   13.64 | 72-77,84-86,93-98,109-118,125-134,141-149,160-167,174-178
 src/lib/api/admin-listings.ts      |    0.00 |   13.16 | 66-72,79-84,91-97,104,111-117,124-129,136-142,149-154,165-183
 src/lib/api/admin-users.ts         |    0.00 |   12.50 | 75-77,84-90,97-103,110-116,123-128,139-157
 src/lib/api/bff-client.ts          |    0.00 |   12.59 | 386-392,396,400,404-408,412,421-444,451-473,480-495,502-516,523-535,542-565,572-586,593-599,606-627,634-649,656-673,844-867,876-900
 src/lib/api/chat.ts                |    0.00 |   11.27 | 93-115,122-129,136-142,149-155,162-168,175-181,188-191
 src/lib/api/circuit-breaker.ts     |    0.00 |   20.57 | 76-87,94-103,110-134,142-160,168-204,212-214,221-224,231-235,239-241,253-259,273-278,285-289,296-298
 src/lib/api/client.ts              |    0.00 |   14.65 | 21,68,92-218,230-238,245-254,261-272,279-287
 src/lib/api/engagement.ts          |    0.00 |   15.56 | 55-59,66-70,77-83,90-96,103-110,117-122
 src/lib/api/enterprise-client.ts   |    7.69 |   13.54 | 153-155,160-164,182-190,197-380,387-404,411-523
 src/lib/api/index.ts               |  100.00 |  100.00 | 
 src/lib/api/offline-queue.ts       |    0.00 |   10.03 | 79-110,156-162,181-222,229-315,322-333,340-455,462-473,480-484,498-501,508-510,547-558
 src/lib/api/products.ts            |    0.00 |    5.00 | 54-63,70-78,85-109,120-136,143-161,168-182
 src/lib/api/profile.ts             |    0.00 |   11.24 | 87,94-96,103-109,116,123,130-136,147-164,171-198,205-217
 src/lib/api/retry.ts               |    0.00 |   29.63 | 43-63,70-106,113,128-159,172-175
 src/lib/api/reviews.ts             |    0.00 |   16.67 | 54-61,68-75,82-84,95-100
 src/lib/cache/index.ts             |  100.00 |  100.00 | 
 src/lib/cache/invalidation.ts      |    0.00 |   10.29 | 93,100-105,112-128,135-139,146-155,162-172,179-290,297,311-316,323,330,337,344,355-391,398-405
 src/lib/cache/multi-layer.ts       |    0.00 |    8.16 | 78,82-96,100-108,112,116-123,127-134,138,142-148,166-383,388-393,412-612,628-631,638,645-649,656-660,667,674,681,688
 src/lib/data/admin-check.ts        |   42.86 |   32.39 | 40-41,49-56,64-74,81-91,98-113
 src/lib/data/cache-invalidation.ts |   20.00 |   47.37 | 32,39,46-52
 src/lib/errors.ts                  |  100.00 |  100.00 | 
 src/lib/errors/api.ts              |    0.00 |   58.82 | 45-56,63-68,76,83
 src/lib/errors/auth.ts             |    0.00 |   33.33 | 82-111,118-125,133-138,146-152,160-166,173-198
 src/lib/errors/guards.ts           |    0.00 |   17.24 | 11,15,19-21,33-42,50-53,60-64
 src/lib/errors/handler.ts          |    7.69 |   13.51 | 41-80,87-90,97-136,143-157,164-176,183,200-227,235-251,259
 src/lib/errors/index.ts            |  100.00 |  100.00 | 
 src/lib/errors/recovery.ts         |    0.00 |    4.74 | 92-117,124-141,149-156,164-185,192-203,210-230,241-250,257-266,273-290,297-309,346-351,362-366,374-385
 src/lib/errors/server-actions.ts   |   10.00 |   23.48 | 19,23,27-29,33,37,41,45,49,53-55,59,67,75,99,110-112,119-121,129-134,146-190,199-212
 src/lib/errors/supabase.ts         |    0.00 |    1.69 | 11-64,71-74
 src/lib/errors/validation.ts       |    0.00 |    9.52 | 14-21,28-38
 src/lib/logger/advanced.ts         |    0.00 |    8.68 | 16-24,31-63,71-78,86-104,111-129,136-153,160-168,175-179,186-222,229-248,255-278,285-297,304-310
 src/lib/logger/base.ts             |   11.76 |   11.36 | 10-64,71-99,117-119,126,133,140-143,150-167,174-181,188-221,231,238
 src/lib/logger/console-theme.ts    |    0.00 |   19.67 | 25-37,45-55,63-76,84-93,101-107,115-121,129-135,143-158,166-178
 src/lib/logger/debug.ts            |    0.00 |   11.48 | 15-87,96-114,121-133,141-167,176-185,193-221,229-230,237-249,257-270,278-293
 src/lib/logger/enhanced.ts         |    0.00 |   14.17 | 12,16-19,31-59,66-101,108-136,143-166,174-210,217-231,238-253,260-283,290,297,304,311,318,325,333-342,351-363,367-381,385-388,392-396,400-413,417-419,423-426,430-447,451,455,459,463,467,471,480,483,486,489,492,495,498,501,504,507,510,513,516
 src/lib/logger/fetch.ts            |    0.00 |    8.06 | 18-48,56-57,64-87
 src/lib/logger/index.ts            |  100.00 |  100.00 | 
 src/lib/logger/init.ts             |    0.00 |   10.11 | 42-51,59-107,114-138,145-216,223,230-232
 src/lib/logger/interceptor.ts      |    0.00 |   21.48 | 32,39-44,51-102,110-141,149-152,159-167,174,181,188-198
 src/lib/logger/network.ts          |    0.00 |   12.50 | 25,29-31,35-39,43-50,54-59,70-91,98-134,141-198,206-244,251-252,259,268-270,274-278,282-292,296,300,304,313,316,319,322,325
 src/lib/logger/pretty.ts           |    0.00 |   13.54 | 15,22-24,31-35,46-79,87-120,127-143,150-168,176-196,204-215,222-232,239-260,267-269,276-282,290-295,305-321,325-339,343-353,357-363,367-380,384-388,393-394,403,406,409,412,415,418,421,424,427,430,433,436,439,442
 src/lib/logger/profiler.ts         |    0.00 |    9.72 | 43,50-73,80-111,119-126,134-174,181-219,227-240,247-254,259-282,289-291
 src/lib/logger/styles.ts           |    0.00 |   84.82 | 173-179,186-195
 src/lib/logger/table.ts            |    0.00 |   10.12 | 21-28,35-45,56-82,89-106,113-138,145-156,163-190,199-231,235-243,247-262,266-272,276-297,306,309,312,315
 src/lib/observability/metrics.ts   |    0.00 |   19.92 | 134,141-195,203-244,252,259,266-268,275-278,285,292-298,305-308,315-367,374-388,402-405,412-417,424,431,438,445,452,459,466
 src/lib/realtime/index.ts          |  100.00 |  100.00 | 
 src/lib/realtime/manager.ts        |    0.00 |   16.52 | 161-162,169-172,179-182,189,196-216,223-241,248-272,279-294,301-321,328-348,356-374,381-391,398-411,418-438,446-465,472-490,497-502,509-512,519-522,529,536-540,547-558,565-572,584,591-593
 src/lib/realtime/presence.ts       |    0.00 |    0.88 | 80-180,231-354
 src/lib/redis.ts                   |    0.00 |   20.66 | 24-26,33,63-70,78-89,97-104,113-132,151-169,180,188-189,200-206,214-227
 src/lib/request-deduplication.ts   |   14.29 |   21.54 | 58-63,70-83,91-112,117,121,138-144
 src/lib/supabase/admin.ts          |    0.00 |   10.53 | 21-37
 src/lib/supabase/client.ts         |    0.00 |   27.78 | 28-52
 src/lib/utils.ts                   |   16.67 |   11.67 | 7,27-50,58-66,73-83,91-98
------------------------------------|---------|---------|-------------------

 33 pass
 0 fail
 53 expect() calls
Ran 33 tests across 1 file. [167.00ms]
bun test v1.3.9-canary.20 (ddefa110)

src/utils/__tests__/distance.property.test.ts:
(pass) Distance Calculation Properties > Property 1: distance(A, B) === distance(B, A) (symmetry) [3.17ms]
(pass) Distance Calculation Properties > Property 2: distance >= 0 (non-negativity) [0.93ms]
(pass) Distance Calculation Properties > Property 3: distance(A, A) === 0 (identity) [0.59ms]

src/utils/__tests__/logger.test.ts:
(pass) Logger > should create a logger instance [0.17ms]
ℹ️ [18:56:02] Test message [component:undefined]
(pass) Logger > should log info messages [0.16ms]
✅ [18:56:02] Success message [component:undefined]
(pass) Logger > should log success messages [0.04ms]
⚠️ [18:56:02] Warning message [component:undefined]
(pass) Logger > should log warnings and store in history
❌ [18:56:02] Error message [component:undefined]
Error details: 41 |     expect(history[0].level).toBe("warn");
42 |   });
43 | 
44 |   it("should log errors and store in history", () => {
45 |     const consoleSpy = jest.spyOn(console, "log").mockImplementation();
46 |     const error = new Error("Test error");
                       ^
error: Test error
      at <anonymous> (/Users/organic/dev/work/foodshare/foodshare-web/src/utils/__tests__/logger.test.ts:46:19)

(pass) Logger > should log errors and store in history [0.23ms]
Context: {
  userId: "123",
  component: undefined,
}
(pass) Logger > should include context in logs
❌ [18:56:02] Error 1 [component:undefined]
Context: {
  component: undefined,
}
Error details: 60 |     expect(consoleSpy).toHaveBeenCalled();
61 |     consoleSpy.mockRestore();
62 |   });
63 | 
64 |   it("should clear error history", () => {
65 |     logger.error("Error 1", new Error("Test"));
                                 ^
error: Test
      at <anonymous> (/Users/organic/dev/work/foodshare/foodshare-web/src/utils/__tests__/logger.test.ts:65:29)

❌ [18:56:02] Error 2 [component:undefined]
Context: {
  component: undefined,
}
Error details: 61 |     consoleSpy.mockRestore();
62 |   });
63 | 
64 |   it("should clear error history", () => {
65 |     logger.error("Error 1", new Error("Test"));
66 |     logger.error("Error 2", new Error("Test"));
                                 ^
error: Test
      at <anonymous> (/Users/organic/dev/work/foodshare/foodshare-web/src/utils/__tests__/logger.test.ts:66:29)

(pass) Logger > should clear error history [0.14ms]
❌ [18:56:02] Error 0 [component:undefined]
Context: {
  component: undefined,
}
Error details: 70 |     expect(getErrorHistory().length).toBe(0);
71 |   });
72 | 
73 |   it("should limit error history to 50 entries", () => {
74 |     for (let i = 0; i < 60; i++) {
75 |       logger.error(`Error ${i}`, new Error(`Test ${i}`));
                                      ^
error: Test 0
      at <anonymous> (/Users/organic/dev/work/foodshare/foodshare-web/src/utils/__tests__/logger.test.ts:75:34)

❌ [18:56:02] Error 1 [component:undefined]
Context: {
  component: undefined,
}
Error details: 70 |     expect(getErrorHistory().length).toBe(0);
71 |   });
72 | 
73 |   it("should limit error history to 50 entries", () => {
74 |     for (let i = 0; i < 60; i++) {
75 |       logger.error(`Error ${i}`, new Error(`Test ${i}`));
                                      ^
error: Test 1
      at <anonymous> (/Users/organic/dev/work/foodshare/foodshare-web/src/utils/__tests__/logger.test.ts:75:34)

❌ [18:56:02] Error 2 [component:undefined]
Context: {
  component: undefined,
}
Error details: 70 |     expect(getErrorHistory().length).toBe(0);
71 |   });
72 | 
73 |   it("should limit error history to 50 entries", () => {
74 |     for (let i = 0; i < 60; i++) {
75 |       logger.error(`Error ${i}`, new Error(`Test ${i}`));
                                      ^
error: Test 2
      at <anonymous> (/Users/organic/dev/work/foodshare/foodshare-web/src/utils/__tests__/logger.test.ts:75:34)

❌ [18:56:02] Error 3 [component:undefined]
Context: {
  component: undefined,
}
Error details: 70 |     expect(getErrorHistory().length).toBe(0);
71 |   });
72 | 
73 |   it("should limit error history to 50 entries", () => {
74 |     for (let i = 0; i < 60; i++) {
75 |       logger.error(`Error ${i}`, new Error(`Test ${i}`));
                                      ^
error: Test 3
      at <anonymous> (/Users/organic/dev/work/foodshare/foodshare-web/src/utils/__tests__/logger.test.ts:75:34)

❌ [18:56:02] Error 4 [component:undefined]
Context: {
  component: undefined,
}
Error details: 70 |     expect(getErrorHistory().length).toBe(0);
71 |   });
72 | 
73 |   it("should limit error history to 50 entries", () => {
74 |     for (let i = 0; i < 60; i++) {
75 |       logger.error(`Error ${i}`, new Error(`Test ${i}`));
                                      ^
error: Test 4
      at <anonymous> (/Users/organic/dev/work/foodshare/foodshare-web/src/utils/__tests__/logger.test.ts:75:34)

❌ [18:56:02] Error 5 [component:undefined]
Context: {
  component: undefined,
}
Error details: 70 |     expect(getErrorHistory().length).toBe(0);
71 |   });
72 | 
73 |   it("should limit error history to 50 entries", () => {
74 |     for (let i = 0; i < 60; i++) {
75 |       logger.error(`Error ${i}`, new Error(`Test ${i}`));
                                      ^
error: Test 5
      at <anonymous> (/Users/organic/dev/work/foodshare/foodshare-web/src/utils/__tests__/logger.test.ts:75:34)

❌ [18:56:02] Error 6 [component:undefined]
Context: {
  component: undefined,
}
Error details: 70 |     expect(getErrorHistory().length).toBe(0);
71 |   });
72 | 
73 |   it("should limit error history to 50 entries", () => {
74 |     for (let i = 0; i < 60; i++) {
75 |       logger.error(`Error ${i}`, new Error(`Test ${i}`));
                                      ^
error: Test 6
      at <anonymous> (/Users/organic/dev/work/foodshare/foodshare-web/src/utils/__tests__/logger.test.ts:75:34)

❌ [18:56:02] Error 7 [component:undefined]
Context: {
  component: undefined,
}
Error details: 70 |     expect(getErrorHistory().length).toBe(0);
71 |   });
72 | 
73 |   it("should limit error history to 50 entries", () => {
74 |     for (let i = 0; i < 60; i++) {
75 |       logger.error(`Error ${i}`, new Error(`Test ${i}`));
                                      ^
error: Test 7
      at <anonymous> (/Users/organic/dev/work/foodshare/foodshare-web/src/utils/__tests__/logger.test.ts:75:34)

❌ [18:56:02] Error 8 [component:undefined]
Context: {
  component: undefined,
}
Error details: 70 |     expect(getErrorHistory().length).toBe(0);
71 |   });
72 | 
73 |   it("should limit error history to 50 entries", () => {
74 |     for (let i = 0; i < 60; i++) {
75 |       logger.error(`Error ${i}`, new Error(`Test ${i}`));
                                      ^
error: Test 8
      at <anonymous> (/Users/organic/dev/work/foodshare/foodshare-web/src/utils/__tests__/logger.test.ts:75:34)

❌ [18:56:02] Error 9 [component:undefined]
Context: {
  component: undefined,
}
Error details: 70 |     expect(getErrorHistory().length).toBe(0);
71 |   });
72 | 
73 |   it("should limit error history to 50 entries", () => {
74 |     for (let i = 0; i < 60; i++) {
75 |       logger.error(`Error ${i}`, new Error(`Test ${i}`));
                                      ^
error: Test 9
      at <anonymous> (/Users/organic/dev/work/foodshare/foodshare-web/src/utils/__tests__/logger.test.ts:75:34)

❌ [18:56:02] Error 10 [component:undefined]
Context: {
  component: undefined,
}
Error details: 70 |     expect(getErrorHistory().length).toBe(0);
71 |   });
72 | 
73 |   it("should limit error history to 50 entries", () => {
74 |     for (let i = 0; i < 60; i++) {
75 |       logger.error(`Error ${i}`, new Error(`Test ${i}`));
                                      ^
error: Test 10
      at <anonymous> (/Users/organic/dev/work/foodshare/foodshare-web/src/utils/__tests__/logger.test.ts:75:34)

❌ [18:56:02] Error 11 [component:undefined]
Context: {
  component: undefined,
}
Error details: 70 |     expect(getErrorHistory().length).toBe(0);
71 |   });
72 | 
73 |   it("should limit error history to 50 entries", () => {
74 |     for (let i = 0; i < 60; i++) {
75 |       logger.error(`Error ${i}`, new Error(`Test ${i}`));
                                      ^
error: Test 11
      at <anonymous> (/Users/organic/dev/work/foodshare/foodshare-web/src/utils/__tests__/logger.test.ts:75:34)

❌ [18:56:02] Error 12 [component:undefined]
Context: {
  component: undefined,
}
Error details: 70 |     expect(getErrorHistory().length).toBe(0);
71 |   });
72 | 
73 |   it("should limit error history to 50 entries", () => {
74 |     for (let i = 0; i < 60; i++) {
75 |       logger.error(`Error ${i}`, new Error(`Test ${i}`));
                                      ^
error: Test 12
      at <anonymous> (/Users/organic/dev/work/foodshare/foodshare-web/src/utils/__tests__/logger.test.ts:75:34)

❌ [18:56:02] Error 13 [component:undefined]
Context: {
  component: undefined,
}
Error details: 70 |     expect(getErrorHistory().length).toBe(0);
71 |   });
72 | 
73 |   it("should limit error history to 50 entries", () => {
74 |     for (let i = 0; i < 60; i++) {
75 |       logger.error(`Error ${i}`, new Error(`Test ${i}`));
                                      ^
error: Test 13
      at <anonymous> (/Users/organic/dev/work/foodshare/foodshare-web/src/utils/__tests__/logger.test.ts:75:34)

❌ [18:56:02] Error 14 [component:undefined]
Context: {
  component: undefined,
}
Error details: 70 |     expect(getErrorHistory().length).toBe(0);
71 |   });
72 | 
73 |   it("should limit error history to 50 entries", () => {
74 |     for (let i = 0; i < 60; i++) {
75 |       logger.error(`Error ${i}`, new Error(`Test ${i}`));
                                      ^
error: Test 14
      at <anonymous> (/Users/organic/dev/work/foodshare/foodshare-web/src/utils/__tests__/logger.test.ts:75:34)

❌ [18:56:02] Error 15 [component:undefined]
Context: {
  component: undefined,
}
Error details: 70 |     expect(getErrorHistory().length).toBe(0);
71 |   });
72 | 
73 |   it("should limit error history to 50 entries", () => {
74 |     for (let i = 0; i < 60; i++) {
75 |       logger.error(`Error ${i}`, new Error(`Test ${i}`));
                                      ^
error: Test 15
      at <anonymous> (/Users/organic/dev/work/foodshare/foodshare-web/src/utils/__tests__/logger.test.ts:75:34)

❌ [18:56:02] Error 16 [component:undefined]
Context: {
  component: undefined,
}
Error details: 70 |     expect(getErrorHistory().length).toBe(0);
71 |   });
72 | 
73 |   it("should limit error history to 50 entries", () => {
74 |     for (let i = 0; i < 60; i++) {
75 |       logger.error(`Error ${i}`, new Error(`Test ${i}`));
                                      ^
error: Test 16
      at <anonymous> (/Users/organic/dev/work/foodshare/foodshare-web/src/utils/__tests__/logger.test.ts:75:34)

❌ [18:56:02] Error 17 [component:undefined]
Context: {
  component: undefined,
}
Error details: 70 |     expect(getErrorHistory().length).toBe(0);
71 |   });
72 | 
73 |   it("should limit error history to 50 entries", () => {
74 |     for (let i = 0; i < 60; i++) {
75 |       logger.error(`Error ${i}`, new Error(`Test ${i}`));
                                      ^
error: Test 17
      at <anonymous> (/Users/organic/dev/work/foodshare/foodshare-web/src/utils/__tests__/logger.test.ts:75:34)

❌ [18:56:02] Error 18 [component:undefined]
Context: {
  component: undefined,
}
Error details: 70 |     expect(getErrorHistory().length).toBe(0);
71 |   });
72 | 
73 |   it("should limit error history to 50 entries", () => {
74 |     for (let i = 0; i < 60; i++) {
75 |       logger.error(`Error ${i}`, new Error(`Test ${i}`));
                                      ^
error: Test 18
      at <anonymous> (/Users/organic/dev/work/foodshare/foodshare-web/src/utils/__tests__/logger.test.ts:75:34)

❌ [18:56:02] Error 19 [component:undefined]
Context: {
  component: undefined,
}
Error details: 70 |     expect(getErrorHistory().length).toBe(0);
71 |   });
72 | 
73 |   it("should limit error history to 50 entries", () => {
74 |     for (let i = 0; i < 60; i++) {
75 |       logger.error(`Error ${i}`, new Error(`Test ${i}`));
                                      ^
error: Test 19
      at <anonymous> (/Users/organic/dev/work/foodshare/foodshare-web/src/utils/__tests__/logger.test.ts:75:34)

❌ [18:56:02] Error 20 [component:undefined]
Context: {
  component: undefined,
}
Error details: 70 |     expect(getErrorHistory().length).toBe(0);
71 |   });
72 | 
73 |   it("should limit error history to 50 entries", () => {
74 |     for (let i = 0; i < 60; i++) {
75 |       logger.error(`Error ${i}`, new Error(`Test ${i}`));
                                      ^
error: Test 20
      at <anonymous> (/Users/organic/dev/work/foodshare/foodshare-web/src/utils/__tests__/logger.test.ts:75:34)

❌ [18:56:02] Error 21 [component:undefined]
Context: {
  component: undefined,
}
Error details: 70 |     expect(getErrorHistory().length).toBe(0);
71 |   });
72 | 
73 |   it("should limit error history to 50 entries", () => {
74 |     for (let i = 0; i < 60; i++) {
75 |       logger.error(`Error ${i}`, new Error(`Test ${i}`));
                                      ^
error: Test 21
      at <anonymous> (/Users/organic/dev/work/foodshare/foodshare-web/src/utils/__tests__/logger.test.ts:75:34)

❌ [18:56:02] Error 22 [component:undefined]
Context: {
  component: undefined,
}
Error details: 70 |     expect(getErrorHistory().length).toBe(0);
71 |   });
72 | 
73 |   it("should limit error history to 50 entries", () => {
74 |     for (let i = 0; i < 60; i++) {
75 |       logger.error(`Error ${i}`, new Error(`Test ${i}`));
                                      ^
error: Test 22
      at <anonymous> (/Users/organic/dev/work/foodshare/foodshare-web/src/utils/__tests__/logger.test.ts:75:34)

❌ [18:56:02] Error 23 [component:undefined]
Context: {
  component: undefined,
}
Error details: 70 |     expect(getErrorHistory().length).toBe(0);
71 |   });
72 | 
73 |   it("should limit error history to 50 entries", () => {
74 |     for (let i = 0; i < 60; i++) {
75 |       logger.error(`Error ${i}`, new Error(`Test ${i}`));
                                      ^
error: Test 23
      at <anonymous> (/Users/organic/dev/work/foodshare/foodshare-web/src/utils/__tests__/logger.test.ts:75:34)

❌ [18:56:02] Error 24 [component:undefined]
Context: {
  component: undefined,
}
Error details: 70 |     expect(getErrorHistory().length).toBe(0);
71 |   });
72 | 
73 |   it("should limit error history to 50 entries", () => {
74 |     for (let i = 0; i < 60; i++) {
75 |       logger.error(`Error ${i}`, new Error(`Test ${i}`));
                                      ^
error: Test 24
      at <anonymous> (/Users/organic/dev/work/foodshare/foodshare-web/src/utils/__tests__/logger.test.ts:75:34)

❌ [18:56:02] Error 25 [component:undefined]
Context: {
  component: undefined,
}
Error details: 70 |     expect(getErrorHistory().length).toBe(0);
71 |   });
72 | 
73 |   it("should limit error history to 50 entries", () => {
74 |     for (let i = 0; i < 60; i++) {
75 |       logger.error(`Error ${i}`, new Error(`Test ${i}`));
                                      ^
error: Test 25
      at <anonymous> (/Users/organic/dev/work/foodshare/foodshare-web/src/utils/__tests__/logger.test.ts:75:34)

❌ [18:56:02] Error 26 [component:undefined]
Context: {
  component: undefined,
}
Error details: 70 |     expect(getErrorHistory().length).toBe(0);
71 |   });
72 | 
73 |   it("should limit error history to 50 entries", () => {
74 |     for (let i = 0; i < 60; i++) {
75 |       logger.error(`Error ${i}`, new Error(`Test ${i}`));
                                      ^
error: Test 26
      at <anonymous> (/Users/organic/dev/work/foodshare/foodshare-web/src/utils/__tests__/logger.test.ts:75:34)

❌ [18:56:02] Error 27 [component:undefined]
Context: {
  component: undefined,
}
Error details: 70 |     expect(getErrorHistory().length).toBe(0);
71 |   });
72 | 
73 |   it("should limit error history to 50 entries", () => {
74 |     for (let i = 0; i < 60; i++) {
75 |       logger.error(`Error ${i}`, new Error(`Test ${i}`));
                                      ^
error: Test 27
      at <anonymous> (/Users/organic/dev/work/foodshare/foodshare-web/src/utils/__tests__/logger.test.ts:75:34)

❌ [18:56:02] Error 28 [component:undefined]
Context: {
  component: undefined,
}
Error details: 70 |     expect(getErrorHistory().length).toBe(0);
71 |   });
72 | 
73 |   it("should limit error history to 50 entries", () => {
74 |     for (let i = 0; i < 60; i++) {
75 |       logger.error(`Error ${i}`, new Error(`Test ${i}`));
                                      ^
error: Test 28
      at <anonymous> (/Users/organic/dev/work/foodshare/foodshare-web/src/utils/__tests__/logger.test.ts:75:34)

❌ [18:56:02] Error 29 [component:undefined]
Context: {
  component: undefined,
}
Error details: 70 |     expect(getErrorHistory().length).toBe(0);
71 |   });
72 | 
73 |   it("should limit error history to 50 entries", () => {
74 |     for (let i = 0; i < 60; i++) {
75 |       logger.error(`Error ${i}`, new Error(`Test ${i}`));
                                      ^
error: Test 29
      at <anonymous> (/Users/organic/dev/work/foodshare/foodshare-web/src/utils/__tests__/logger.test.ts:75:34)

❌ [18:56:02] Error 30 [component:undefined]
Context: {
  component: undefined,
}
Error details: 70 |     expect(getErrorHistory().length).toBe(0);
71 |   });
72 | 
73 |   it("should limit error history to 50 entries", () => {
74 |     for (let i = 0; i < 60; i++) {
75 |       logger.error(`Error ${i}`, new Error(`Test ${i}`));
                                      ^
error: Test 30
      at <anonymous> (/Users/organic/dev/work/foodshare/foodshare-web/src/utils/__tests__/logger.test.ts:75:34)

❌ [18:56:02] Error 31 [component:undefined]
Context: {
  component: undefined,
}
Error details: 70 |     expect(getErrorHistory().length).toBe(0);
71 |   });
72 | 
73 |   it("should limit error history to 50 entries", () => {
74 |     for (let i = 0; i < 60; i++) {
75 |       logger.error(`Error ${i}`, new Error(`Test ${i}`));
                                      ^
error: Test 31
      at <anonymous> (/Users/organic/dev/work/foodshare/foodshare-web/src/utils/__tests__/logger.test.ts:75:34)

❌ [18:56:02] Error 32 [component:undefined]
Context: {
  component: undefined,
}
Error details: 70 |     expect(getErrorHistory().length).toBe(0);
71 |   });
72 | 
73 |   it("should limit error history to 50 entries", () => {
74 |     for (let i = 0; i < 60; i++) {
75 |       logger.error(`Error ${i}`, new Error(`Test ${i}`));
                                      ^
error: Test 32
      at <anonymous> (/Users/organic/dev/work/foodshare/foodshare-web/src/utils/__tests__/logger.test.ts:75:34)

❌ [18:56:02] Error 33 [component:undefined]
Context: {
  component: undefined,
}
Error details: 70 |     expect(getErrorHistory().length).toBe(0);
71 |   });
72 | 
73 |   it("should limit error history to 50 entries", () => {
74 |     for (let i = 0; i < 60; i++) {
75 |       logger.error(`Error ${i}`, new Error(`Test ${i}`));
                                      ^
error: Test 33
      at <anonymous> (/Users/organic/dev/work/foodshare/foodshare-web/src/utils/__tests__/logger.test.ts:75:34)

❌ [18:56:02] Error 34 [component:undefined]
Context: {
  component: undefined,
}
Error details: 70 |     expect(getErrorHistory().length).toBe(0);
71 |   });
72 | 
73 |   it("should limit error history to 50 entries", () => {
74 |     for (let i = 0; i < 60; i++) {
75 |       logger.error(`Error ${i}`, new Error(`Test ${i}`));
                                      ^
error: Test 34
      at <anonymous> (/Users/organic/dev/work/foodshare/foodshare-web/src/utils/__tests__/logger.test.ts:75:34)

❌ [18:56:02] Error 35 [component:undefined]
Context: {
  component: undefined,
}
Error details: 70 |     expect(getErrorHistory().length).toBe(0);
71 |   });
72 | 
73 |   it("should limit error history to 50 entries", () => {
74 |     for (let i = 0; i < 60; i++) {
75 |       logger.error(`Error ${i}`, new Error(`Test ${i}`));
                                      ^
error: Test 35
      at <anonymous> (/Users/organic/dev/work/foodshare/foodshare-web/src/utils/__tests__/logger.test.ts:75:34)

❌ [18:56:02] Error 36 [component:undefined]
Context: {
  component: undefined,
}
Error details: 70 |     expect(getErrorHistory().length).toBe(0);
71 |   });
72 | 
73 |   it("should limit error history to 50 entries", () => {
74 |     for (let i = 0; i < 60; i++) {
75 |       logger.error(`Error ${i}`, new Error(`Test ${i}`));
                                      ^
error: Test 36
      at <anonymous> (/Users/organic/dev/work/foodshare/foodshare-web/src/utils/__tests__/logger.test.ts:75:34)

❌ [18:56:02] Error 37 [component:undefined]
Context: {
  component: undefined,
}
Error details: 70 |     expect(getErrorHistory().length).toBe(0);
71 |   });
72 | 
73 |   it("should limit error history to 50 entries", () => {
74 |     for (let i = 0; i < 60; i++) {
75 |       logger.error(`Error ${i}`, new Error(`Test ${i}`));
                                      ^
error: Test 37
      at <anonymous> (/Users/organic/dev/work/foodshare/foodshare-web/src/utils/__tests__/logger.test.ts:75:34)

❌ [18:56:02] Error 38 [component:undefined]
Context: {
  component: undefined,
}
Error details: 70 |     expect(getErrorHistory().length).toBe(0);
71 |   });
72 | 
73 |   it("should limit error history to 50 entries", () => {
74 |     for (let i = 0; i < 60; i++) {
75 |       logger.error(`Error ${i}`, new Error(`Test ${i}`));
                                      ^
error: Test 38
      at <anonymous> (/Users/organic/dev/work/foodshare/foodshare-web/src/utils/__tests__/logger.test.ts:75:34)

❌ [18:56:02] Error 39 [component:undefined]
Context: {
  component: undefined,
}
Error details: 70 |     expect(getErrorHistory().length).toBe(0);
71 |   });
72 | 
73 |   it("should limit error history to 50 entries", () => {
74 |     for (let i = 0; i < 60; i++) {
75 |       logger.error(`Error ${i}`, new Error(`Test ${i}`));
                                      ^
error: Test 39
      at <anonymous> (/Users/organic/dev/work/foodshare/foodshare-web/src/utils/__tests__/logger.test.ts:75:34)

❌ [18:56:02] Error 40 [component:undefined]
Context: {
  component: undefined,
}
Error details: 70 |     expect(getErrorHistory().length).toBe(0);
71 |   });
72 | 
73 |   it("should limit error history to 50 entries", () => {
74 |     for (let i = 0; i < 60; i++) {
75 |       logger.error(`Error ${i}`, new Error(`Test ${i}`));
                                      ^
error: Test 40
      at <anonymous> (/Users/organic/dev/work/foodshare/foodshare-web/src/utils/__tests__/logger.test.ts:75:34)

❌ [18:56:02] Error 41 [component:undefined]
Context: {
  component: undefined,
}
Error details: 70 |     expect(getErrorHistory().length).toBe(0);
71 |   });
72 | 
73 |   it("should limit error history to 50 entries", () => {
74 |     for (let i = 0; i < 60; i++) {
75 |       logger.error(`Error ${i}`, new Error(`Test ${i}`));
                                      ^
error: Test 41
      at <anonymous> (/Users/organic/dev/work/foodshare/foodshare-web/src/utils/__tests__/logger.test.ts:75:34)

❌ [18:56:02] Error 42 [component:undefined]
Context: {
  component: undefined,
}
Error details: 70 |     expect(getErrorHistory().length).toBe(0);
71 |   });
72 | 
73 |   it("should limit error history to 50 entries", () => {
74 |     for (let i = 0; i < 60; i++) {
75 |       logger.error(`Error ${i}`, new Error(`Test ${i}`));
                                      ^
error: Test 42
      at <anonymous> (/Users/organic/dev/work/foodshare/foodshare-web/src/utils/__tests__/logger.test.ts:75:34)

❌ [18:56:02] Error 43 [component:undefined]
Context: {
  component: undefined,
}
Error details: 70 |     expect(getErrorHistory().length).toBe(0);
71 |   });
72 | 
73 |   it("should limit error history to 50 entries", () => {
74 |     for (let i = 0; i < 60; i++) {
75 |       logger.error(`Error ${i}`, new Error(`Test ${i}`));
                                      ^
error: Test 43
      at <anonymous> (/Users/organic/dev/work/foodshare/foodshare-web/src/utils/__tests__/logger.test.ts:75:34)

❌ [18:56:02] Error 44 [component:undefined]
Context: {
  component: undefined,
}
Error details: 70 |     expect(getErrorHistory().length).toBe(0);
71 |   });
72 | 
73 |   it("should limit error history to 50 entries", () => {
74 |     for (let i = 0; i < 60; i++) {
75 |       logger.error(`Error ${i}`, new Error(`Test ${i}`));
                                      ^
error: Test 44
      at <anonymous> (/Users/organic/dev/work/foodshare/foodshare-web/src/utils/__tests__/logger.test.ts:75:34)

❌ [18:56:02] Error 45 [component:undefined]
Context: {
  component: undefined,
}
Error details: 70 |     expect(getErrorHistory().length).toBe(0);
71 |   });
72 | 
73 |   it("should limit error history to 50 entries", () => {
74 |     for (let i = 0; i < 60; i++) {
75 |       logger.error(`Error ${i}`, new Error(`Test ${i}`));
                                      ^
error: Test 45
      at <anonymous> (/Users/organic/dev/work/foodshare/foodshare-web/src/utils/__tests__/logger.test.ts:75:34)

❌ [18:56:02] Error 46 [component:undefined]
Context: {
  component: undefined,
}
Error details: 70 |     expect(getErrorHistory().length).toBe(0);
71 |   });
72 | 
73 |   it("should limit error history to 50 entries", () => {
74 |     for (let i = 0; i < 60; i++) {
75 |       logger.error(`Error ${i}`, new Error(`Test ${i}`));
                                      ^
error: Test 46
      at <anonymous> (/Users/organic/dev/work/foodshare/foodshare-web/src/utils/__tests__/logger.test.ts:75:34)

❌ [18:56:02] Error 47 [component:undefined]
Context: {
  component: undefined,
}
Error details: 70 |     expect(getErrorHistory().length).toBe(0);
71 |   });
72 | 
73 |   it("should limit error history to 50 entries", () => {
74 |     for (let i = 0; i < 60; i++) {
75 |       logger.error(`Error ${i}`, new Error(`Test ${i}`));
                                      ^
error: Test 47
      at <anonymous> (/Users/organic/dev/work/foodshare/foodshare-web/src/utils/__tests__/logger.test.ts:75:34)

❌ [18:56:02] Error 48 [component:undefined]
Context: {
  component: undefined,
}
Error details: 70 |     expect(getErrorHistory().length).toBe(0);
71 |   });
72 | 
73 |   it("should limit error history to 50 entries", () => {
74 |     for (let i = 0; i < 60; i++) {
75 |       logger.error(`Error ${i}`, new Error(`Test ${i}`));
                                      ^
error: Test 48
      at <anonymous> (/Users/organic/dev/work/foodshare/foodshare-web/src/utils/__tests__/logger.test.ts:75:34)

❌ [18:56:02] Error 49 [component:undefined]
Context: {
  component: undefined,
}
Error details: 70 |     expect(getErrorHistory().length).toBe(0);
71 |   });
72 | 
73 |   it("should limit error history to 50 entries", () => {
74 |     for (let i = 0; i < 60; i++) {
75 |       logger.error(`Error ${i}`, new Error(`Test ${i}`));
                                      ^
error: Test 49
      at <anonymous> (/Users/organic/dev/work/foodshare/foodshare-web/src/utils/__tests__/logger.test.ts:75:34)

❌ [18:56:02] Error 50 [component:undefined]
Context: {
  component: undefined,
}
Error details: 70 |     expect(getErrorHistory().length).toBe(0);
71 |   });
72 | 
73 |   it("should limit error history to 50 entries", () => {
74 |     for (let i = 0; i < 60; i++) {
75 |       logger.error(`Error ${i}`, new Error(`Test ${i}`));
                                      ^
error: Test 50
      at <anonymous> (/Users/organic/dev/work/foodshare/foodshare-web/src/utils/__tests__/logger.test.ts:75:34)

❌ [18:56:02] Error 51 [component:undefined]
Context: {
  component: undefined,
}
Error details: 70 |     expect(getErrorHistory().length).toBe(0);
71 |   });
72 | 
73 |   it("should limit error history to 50 entries", () => {
74 |     for (let i = 0; i < 60; i++) {
75 |       logger.error(`Error ${i}`, new Error(`Test ${i}`));
                                      ^
error: Test 51
      at <anonymous> (/Users/organic/dev/work/foodshare/foodshare-web/src/utils/__tests__/logger.test.ts:75:34)

❌ [18:56:02] Error 52 [component:undefined]
Context: {
  component: undefined,
}
Error details: 70 |     expect(getErrorHistory().length).toBe(0);
71 |   });
72 | 
73 |   it("should limit error history to 50 entries", () => {
74 |     for (let i = 0; i < 60; i++) {
75 |       logger.error(`Error ${i}`, new Error(`Test ${i}`));
                                      ^
error: Test 52
      at <anonymous> (/Users/organic/dev/work/foodshare/foodshare-web/src/utils/__tests__/logger.test.ts:75:34)

❌ [18:56:02] Error 53 [component:undefined]
Context: {
  component: undefined,
}
Error details: 70 |     expect(getErrorHistory().length).toBe(0);
71 |   });
72 | 
73 |   it("should limit error history to 50 entries", () => {
74 |     for (let i = 0; i < 60; i++) {
75 |       logger.error(`Error ${i}`, new Error(`Test ${i}`));
                                      ^
error: Test 53
      at <anonymous> (/Users/organic/dev/work/foodshare/foodshare-web/src/utils/__tests__/logger.test.ts:75:34)

❌ [18:56:02] Error 54 [component:undefined]
Context: {
  component: undefined,
}
Error details: 70 |     expect(getErrorHistory().length).toBe(0);
71 |   });
72 | 
73 |   it("should limit error history to 50 entries", () => {
74 |     for (let i = 0; i < 60; i++) {
75 |       logger.error(`Error ${i}`, new Error(`Test ${i}`));
                                      ^
error: Test 54
      at <anonymous> (/Users/organic/dev/work/foodshare/foodshare-web/src/utils/__tests__/logger.test.ts:75:34)

❌ [18:56:02] Error 55 [component:undefined]
Context: {
  component: undefined,
}
Error details: 70 |     expect(getErrorHistory().length).toBe(0);
71 |   });
72 | 
73 |   it("should limit error history to 50 entries", () => {
74 |     for (let i = 0; i < 60; i++) {
75 |       logger.error(`Error ${i}`, new Error(`Test ${i}`));
                                      ^
error: Test 55
      at <anonymous> (/Users/organic/dev/work/foodshare/foodshare-web/src/utils/__tests__/logger.test.ts:75:34)

❌ [18:56:02] Error 56 [component:undefined]
Context: {
  component: undefined,
}
Error details: 70 |     expect(getErrorHistory().length).toBe(0);
71 |   });
72 | 
73 |   it("should limit error history to 50 entries", () => {
74 |     for (let i = 0; i < 60; i++) {
75 |       logger.error(`Error ${i}`, new Error(`Test ${i}`));
                                      ^
error: Test 56
      at <anonymous> (/Users/organic/dev/work/foodshare/foodshare-web/src/utils/__tests__/logger.test.ts:75:34)

❌ [18:56:02] Error 57 [component:undefined]
Context: {
  component: undefined,
}
Error details: 70 |     expect(getErrorHistory().length).toBe(0);
71 |   });
72 | 
73 |   it("should limit error history to 50 entries", () => {
74 |     for (let i = 0; i < 60; i++) {
75 |       logger.error(`Error ${i}`, new Error(`Test ${i}`));
                                      ^
error: Test 57
      at <anonymous> (/Users/organic/dev/work/foodshare/foodshare-web/src/utils/__tests__/logger.test.ts:75:34)

❌ [18:56:02] Error 58 [component:undefined]
Context: {
  component: undefined,
}
Error details: 70 |     expect(getErrorHistory().length).toBe(0);
71 |   });
72 | 
73 |   it("should limit error history to 50 entries", () => {
74 |     for (let i = 0; i < 60; i++) {
75 |       logger.error(`Error ${i}`, new Error(`Test ${i}`));
                                      ^
error: Test 58
      at <anonymous> (/Users/organic/dev/work/foodshare/foodshare-web/src/utils/__tests__/logger.test.ts:75:34)

❌ [18:56:02] Error 59 [component:undefined]
Context: {
  component: undefined,
}
Error details: 70 |     expect(getErrorHistory().length).toBe(0);
71 |   });
72 | 
73 |   it("should limit error history to 50 entries", () => {
74 |     for (let i = 0; i < 60; i++) {
75 |       logger.error(`Error ${i}`, new Error(`Test ${i}`));
                                      ^
error: Test 59
      at <anonymous> (/Users/organic/dev/work/foodshare/foodshare-web/src/utils/__tests__/logger.test.ts:75:34)

(pass) Logger > should limit error history to 50 entries [2.09ms]
(pass) Logger > should log API calls [0.02ms]

src/__tests__/actions/newsletter.test.ts:
(pass) Newsletter Server Actions > createCampaign > should reject unauthenticated users [0.46ms]
(pass) Newsletter Server Actions > createCampaign > should reject missing campaign name [0.96ms]
(pass) Newsletter Server Actions > createCampaign > should reject missing subject [0.19ms]
(pass) Newsletter Server Actions > createCampaign > should reject missing content [0.10ms]
(pass) Newsletter Server Actions > createCampaign > should create campaign successfully [0.22ms]
(pass) Newsletter Server Actions > createCampaign > should handle database error [0.04ms]
(pass) Newsletter Server Actions > updateCampaignStatus > should reject unauthenticated users [0.35ms]
(pass) Newsletter Server Actions > updateCampaignStatus > should reject invalid campaign ID [0.12ms]
(pass) Newsletter Server Actions > updateCampaignStatus > should reject invalid status [0.11ms]
(pass) Newsletter Server Actions > updateCampaignStatus > should update status to draft [0.11ms]
(pass) Newsletter Server Actions > updateCampaignStatus > should update status to sent [0.06ms]
(pass) Newsletter Server Actions > updateCampaignStatus > should update status to paused [0.05ms]
(pass) Newsletter Server Actions > updateCampaignStatus > should update status to cancelled [0.07ms]
(pass) Newsletter Server Actions > scheduleCampaign > should reject unauthenticated users [0.31ms]
(pass) Newsletter Server Actions > scheduleCampaign > should reject invalid campaign ID [0.06ms]
(pass) Newsletter Server Actions > scheduleCampaign > should reject invalid date format [0.06ms]
(pass) Newsletter Server Actions > scheduleCampaign > should schedule campaign successfully [0.03ms]
Failed to schedule campaign: {
  message: "Database error",
}
(pass) Newsletter Server Actions > scheduleCampaign > should handle database error [0.08ms]
(pass) Newsletter Server Actions > addSubscriber > should reject invalid email address [0.28ms]
(pass) Newsletter Server Actions > addSubscriber > should reject empty email
(pass) Newsletter Server Actions > addSubscriber > should add subscriber successfully
(pass) Newsletter Server Actions > addSubscriber > should add subscriber with first name [0.13ms]
(pass) Newsletter Server Actions > addSubscriber > should add subscriber with source [0.04ms]
(pass) Newsletter Server Actions > addSubscriber > should handle duplicate email [0.03ms]
(pass) Newsletter Server Actions > unsubscribeEmail > should reject invalid email address [0.16ms]
(pass) Newsletter Server Actions > unsubscribeEmail > should reject empty email [0.02ms]
(pass) Newsletter Server Actions > unsubscribeEmail > should unsubscribe successfully [0.05ms]
(pass) Newsletter Server Actions > unsubscribeEmail > should unsubscribe with reason [0.05ms]
Failed to unsubscribe: {
  message: "Database error",
}
(pass) Newsletter Server Actions > unsubscribeEmail > should handle database error [0.07ms]
(pass) Newsletter Server Actions > createSegment > should reject unauthenticated users [0.18ms]
(pass) Newsletter Server Actions > createSegment > should reject missing segment name [0.53ms]
(pass) Newsletter Server Actions > createSegment > should reject invalid criteria JSON [0.20ms]
(pass) Newsletter Server Actions > createSegment > should create segment successfully [0.11ms]
(pass) Newsletter Server Actions > createSegment > should reject invalid color format [0.14ms]
(pass) Newsletter Server Actions > createAutomationFlow > should reject unauthenticated users [0.19ms]
(pass) Newsletter Server Actions > createAutomationFlow > should reject missing flow name [0.48ms]
(pass) Newsletter Server Actions > createAutomationFlow > should reject missing trigger type [0.12ms]
(pass) Newsletter Server Actions > createAutomationFlow > should reject invalid JSON configuration [0.06ms]
(pass) Newsletter Server Actions > createAutomationFlow > should create automation flow successfully [0.17ms]
(pass) Newsletter Server Actions > updateAutomationStatus > should reject unauthenticated users [0.24ms]
(pass) Newsletter Server Actions > updateAutomationStatus > should reject invalid flow ID [0.08ms]
(pass) Newsletter Server Actions > updateAutomationStatus > should reject invalid status [0.11ms]
(pass) Newsletter Server Actions > updateAutomationStatus > should update status to active [0.11ms]
(pass) Newsletter Server Actions > updateAutomationStatus > should update status to paused [0.03ms]
(pass) Newsletter Server Actions > updateAutomationStatus > should update status to archived [0.12ms]
(pass) Newsletter Server Actions > enrollUserInAutomation > should reject invalid flow ID [0.21ms]
(pass) Newsletter Server Actions > enrollUserInAutomation > should reject invalid profile ID [0.13ms]
(pass) Newsletter Server Actions > enrollUserInAutomation > should enroll user successfully [0.13ms]
(pass) Newsletter Server Actions > enrollUserInAutomation > should handle already enrolled (duplicate key) [0.06ms]
Failed to enroll user: {
  message: "Database error",
  code: "OTHER",
}
(pass) Newsletter Server Actions > enrollUserInAutomation > should handle database error [0.11ms]

src/__tests__/actions/auth.test.ts:
181 |         user: { id: "user-123" },
182 |       };
183 | 
184 |       const result = await getSession();
185 | 
186 |       expect(result).toEqual(mockState.session);
                           ^
error: expect(received).toEqual(expected)

- {
-   "access_token": "test-token",
-   "user": {
-     "id": "user-123",
-   },
- }
+ null

- Expected  - 6
+ Received  + 1

      at <anonymous> (/Users/organic/dev/work/foodshare/foodshare-web/src/__tests__/actions/auth.test.ts:186:22)
(fail) Auth Server Actions > getSession > should return session when authenticated [0.26ms]
(pass) Auth Server Actions > getSession > should return null when not authenticated [0.09ms]
(pass) Auth Server Actions > getUser > should return user with profile when authenticated [0.18ms]
(pass) Auth Server Actions > getUser > should return null when not authenticated [0.02ms]
(pass) Auth Server Actions > checkUserIsAdmin > should return true for admin user [0.50ms]
(pass) Auth Server Actions > checkUserIsAdmin > should return true for superadmin user [0.05ms]
(pass) Auth Server Actions > checkUserIsAdmin > should return false for regular user [0.05ms]
(pass) Auth Server Actions > checkUserIsAdmin > should return false when not authenticated [0.02ms]
[2m2026-06-23T18:56:03.022Z[0m [32m[INFO][0m User signed in successfully [2mrequestId="req_mqr0949a_gpha00k" action="signInWithPassword" userId=undefined[0m
(pass) Auth Server Actions > signInWithPassword > should return success on valid credentials [0.44ms]
[2m2026-06-23T18:56:03.022Z[0m [33m[WARN][0m Sign in failed [2mrequestId="req_mqr0949a_u79gk7m" action="signInWithPassword" userId=undefined error="Invalid login credentials"[0m
(pass) Auth Server Actions > signInWithPassword > should return error on invalid credentials [0.11ms]
[2m2026-06-23T18:56:03.023Z[0m [32m[INFO][0m User signed up successfully [2mrequestId="req_mqr0949b_dumk6jc" action="signUp" userId=undefined[0m
(pass) Auth Server Actions > signUp > should return success on valid signup [0.53ms]
[2m2026-06-23T18:56:03.023Z[0m [33m[WARN][0m Sign up failed [2mrequestId="req_mqr0949b_wi63a06" action="signUp" userId=undefined error="User already registered"[0m
(pass) Auth Server Actions > signUp > should return error when email already exists [0.11ms]
(pass) Auth Server Actions > signOut > should sign out and redirect to home [0.12ms]
(pass) Auth Server Actions > resetPassword > should return success when email sent [0.08ms]
(pass) Auth Server Actions > resetPassword > should return error when email not found [0.04ms]
(pass) Auth Server Actions > updatePassword > should return success on valid password update [0.18ms]
(pass) Auth Server Actions > updatePassword > should return error on invalid password [0.06ms]
(pass) Auth Server Actions > getOAuthSignInUrl > should return OAuth URL for Google [0.11ms]
(pass) Auth Server Actions > getOAuthSignInUrl > should return error on OAuth failure [0.02ms]

src/__tests__/actions/email.test.ts:
(pass) Email Server Actions > sendNewMessageNotification > should reject invalid email address [0.37ms]
(pass) Email Server Actions > sendNewMessageNotification > should reject empty email address [0.09ms]
(pass) Email Server Actions > sendNewMessageNotification > should reject missing sender name [0.48ms]
(pass) Email Server Actions > sendNewMessageNotification > should reject missing message preview [0.07ms]
(pass) Email Server Actions > sendNewMessageNotification > should reject invalid conversation URL [0.13ms]
(pass) Email Server Actions > sendNewMessageNotification > should send email successfully [0.11ms]
(pass) Email Server Actions > sendNewMessageNotification > should handle email send failure [0.08ms]
(pass) Email Server Actions > sendListingInterestNotification > should reject invalid email address [0.18ms]
(pass) Email Server Actions > sendListingInterestNotification > should reject missing interested user name [0.35ms]
(pass) Email Server Actions > sendListingInterestNotification > should reject missing listing title
(pass) Email Server Actions > sendListingInterestNotification > should reject invalid message URL [0.08ms]
(pass) Email Server Actions > sendListingInterestNotification > should send email successfully [0.09ms]
(pass) Email Server Actions > sendListingInterestNotification > should handle email send failure [0.08ms]
(pass) Email Server Actions > sendPickupReminder > should reject invalid email address [0.19ms]
(pass) Email Server Actions > sendPickupReminder > should reject missing pickup time [0.31ms]
(pass) Email Server Actions > sendPickupReminder > should reject missing pickup date [0.06ms]
(pass) Email Server Actions > sendPickupReminder > should reject missing sharer name
(pass) Email Server Actions > sendPickupReminder > should reject invalid directions URL [0.10ms]
(pass) Email Server Actions > sendPickupReminder > should send email successfully [0.04ms]
(pass) Email Server Actions > sendReviewRequest > should reject invalid email address [0.21ms]
(pass) Email Server Actions > sendReviewRequest > should reject missing recipient name [0.22ms]
(pass) Email Server Actions > sendReviewRequest > should reject missing sharer name [0.02ms]
(pass) Email Server Actions > sendReviewRequest > should reject missing listing title [0.05ms]
(pass) Email Server Actions > sendReviewRequest > should reject invalid review URL [0.05ms]
(pass) Email Server Actions > sendReviewRequest > should send email successfully with star rating URLs [0.06ms]
(pass) Email Server Actions > sendListingExpiredNotification > should reject invalid email address [0.17ms]
(pass) Email Server Actions > sendListingExpiredNotification > should reject missing user name [3.91ms]
(pass) Email Server Actions > sendListingExpiredNotification > should reject missing listing title [0.59ms]
(pass) Email Server Actions > sendListingExpiredNotification > should reject invalid renew URL [0.09ms]
(pass) Email Server Actions > sendListingExpiredNotification > should send email successfully [0.03ms]
(pass) Email Server Actions > sendListingExpiredNotification > should handle email provider failure [0.06ms]
(pass) Email Server Actions > sendExchangeCompletionEmail > should reject invalid email address [0.08ms]
(pass) Email Server Actions > sendExchangeCompletionEmail > should send email successfully for sharer role [0.17ms]
(pass) Email Server Actions > sendExchangeCompletionEmail > should send email successfully for requester role [0.04ms]
(pass) Email Server Actions > sendExchangeCompletionEmail > should handle email service failure
(pass) Email Server Actions > previewEmailTemplate > should reject unauthenticated users
(pass) Email Server Actions > previewEmailTemplate > should reject non-admin users [0.28ms]
(pass) Email Server Actions > previewEmailTemplate > should allow admin to preview template [0.04ms]
(pass) Email Server Actions > previewEmailTemplate > should allow superadmin to preview template
(pass) Email Server Actions > sendAdminEmail > should reject unauthenticated users [0.19ms]
(pass) Email Server Actions > sendAdminEmail > should reject non-admin users
(pass) Email Server Actions > sendAdminEmail > should reject invalid email address
(pass) Email Server Actions > sendAdminEmail > should reject empty subject
(pass) Email Server Actions > sendAdminEmail > should reject empty message
(pass) Email Server Actions > sendAdminEmail > should send email successfully as admin
(pass) Email Server Actions > sendAdminEmail > should send HTML email when useHtml is true
(pass) Email Server Actions > sendAdminEmail > should handle email service failure [0.64ms]
(pass) Email Server Actions > sendTestEmailDirect > should reject unauthenticated users [0.06ms]
(pass) Email Server Actions > sendTestEmailDirect > should reject non-admin users
(pass) Email Server Actions > sendTestEmailDirect > should send test email successfully as admin [0.09ms]
(pass) Email Server Actions > sendTestEmailDirect > should reject invalid email [0.05ms]

src/__tests__/actions/products.test.ts:
(pass) Products Data Functions > getProducts > should return products filtered by type [0.27ms]
(pass) Products Data Functions > getProducts > should return empty array when no products found [0.03ms]
(pass) Products Data Functions > getProducts > should throw error when database fails [0.04ms]
(pass) Products Data Functions > getAllProducts > should return all active products [0.02ms]
(pass) Products Data Functions > getAllProducts > should return empty array when no products exist
(pass) Products Data Functions > getAllProducts > should throw error when database fails
(pass) Products Data Functions > getProductById > should return product with reviews when found
(pass) Products Data Functions > getProductById > should return null when product not found
(pass) Products Data Functions > getProductById > should throw error for non-404 database errors
(pass) Products Data Functions > getProductLocations > should return locations for map display [0.41ms]
(pass) Products Data Functions > getProductLocations > should return empty array when no locations found [0.03ms]
(pass) Products Data Functions > getProductLocations > should throw error when database fails [0.04ms]
(pass) Products Data Functions > getUserProducts > should return products created by user [0.07ms]
(pass) Products Data Functions > getUserProducts > should return empty array for user with no products
(pass) Products Data Functions > getUserProducts > should throw error when database fails [0.06ms]

src/api/__tests__/campaignAPI.test.ts:
(pass) Campaign API > Exports > should export all campaign management functions
(pass) Campaign API > Exports > should export all segment management functions
(pass) Campaign API > Exports > should export all template management functions [0.02ms]
(pass) Campaign API > Exports > should export all workflow management functions
(pass) Campaign API > Function signatures > campaign functions should be callable [0.01ms]
(pass) Campaign API > Function signatures > segment functions should be callable
(pass) Campaign API > Function signatures > template functions should be callable
(pass) Campaign API > Function signatures > workflow functions should be callable [0.06ms]
(pass) Segment Builder API > Exports > should export all segment builder functions
(pass) Segment Builder API > Function signatures > segment builder functions should be callable
(pass) Segment Builder API > buildSegmentQuery > should generate SQL for basic filters [0.12ms]
(pass) Segment Builder API > buildSegmentQuery > should generate SQL for score ranges [0.01ms]
(pass) Segment Builder API > buildSegmentQuery > should handle empty filters [0.02ms]
(pass) Segment Builder API > validateSegmentFilters > should validate correct filters [0.08ms]
(pass) Segment Builder API > validateSegmentFilters > should detect invalid customer type [0.05ms]
(pass) Segment Builder API > validateSegmentFilters > should detect invalid score ranges
(pass) Segment Builder API > validateSegmentFilters > should detect min > max errors
(pass) Segment Builder API > validateSegmentFilters > should detect invalid date ranges

src/store/zustand/useAuthStore.test.ts:
(pass) useAuthStore > initial state > should have correct initial state [0.17ms]
(pass) useAuthStore > setUser > should set user and update isAuthenticated to true [0.18ms]
(pass) useAuthStore > setUser > should set user to null and update isAuthenticated to false
(pass) useAuthStore > setSession > should set session and extract user
(pass) useAuthStore > setSession > should handle null session [0.15ms]
(pass) useAuthStore > setAuth > should set both user and session [0.03ms]
(pass) useAuthStore > setAuth > should clear error when setting auth
(pass) useAuthStore > setAuth > should set isAuthenticated to false when either user or session is null [0.09ms]
(pass) useAuthStore > setLoading > should set loading state to true
(pass) useAuthStore > setLoading > should set loading state to false
(pass) useAuthStore > setError > should set error and clear loading
(pass) useAuthStore > setError > should allow null error
(pass) useAuthStore > clearError > should clear error state [0.18ms]
(pass) useAuthStore > setAdmin > should set admin status and roles
(pass) useAuthStore > setAdmin > should default roles to empty array
(pass) useAuthStore > setAdminCheckStatus > should set adminCheckStatus to idle [0.14ms]
(pass) useAuthStore > setAdminCheckStatus > should set adminCheckStatus to loading [0.02ms]
(pass) useAuthStore > setAdminCheckStatus > should set adminCheckStatus to succeeded [0.05ms]
(pass) useAuthStore > setAdminCheckStatus > should set adminCheckStatus to failed
(pass) useAuthStore > reset > should reset all state to initial values [0.06ms]
(pass) useAuthStore > selectors > selectUser should return user
(pass) useAuthStore > selectors > selectIsAuthenticated should return true when authenticated
(pass) useAuthStore > selectors > selectIsAdmin should return admin status
(pass) useAuthStore > authActions > should expose store actions for use outside React [0.09ms]
(pass) useAuthStore > authActions > authActions.setAuth should update store
(pass) useAuthStore > persistence security > should not persist any state (partialize returns empty object)

src/store/zustand/useChatStore.test.ts:
(pass) useChatStore > initial state > should have correct initial state
(pass) useChatStore > setChannel > should set channel
(pass) useChatStore > setChannel > should clear channel when set to null
(pass) useChatStore > setCurrentRoom > should set current room
(pass) useChatStore > setCurrentRoom > should clear current room when set to null [0.01ms]
(pass) useChatStore > rooms management > should set rooms array
(pass) useChatStore > rooms management > should add room to beginning of list [0.04ms]
(pass) useChatStore > rooms management > should update room in list
(pass) useChatStore > rooms management > should not modify rooms when updating non-existent room
(pass) useChatStore > messages management > should set messages array
(pass) useChatStore > messages management > should add message to beginning and set newMessage [0.04ms]
(pass) useChatStore > messages management > should prepend messages to end of array
(pass) useChatStore > setNewMessage > should set new message
(pass) useChatStore > setNewMessage > should clear new message
(pass) useChatStore > setIsLoading > should set loading state
(pass) useChatStore > setIsLoading > should clear loading state
(pass) useChatStore > setCreationStatus > should set creation status to idle
(pass) useChatStore > setCreationStatus > should set creation status to creating
(pass) useChatStore > setCreationStatus > should set creation status to created
(pass) useChatStore > setCreationStatus > should set creation status to error
(pass) useChatStore > setUpdateStatus > should set update status to idle
(pass) useChatStore > setUpdateStatus > should set update status to updating
(pass) useChatStore > setUpdateStatus > should set update status to updated
(pass) useChatStore > setUpdateStatus > should set update status to error
(pass) useChatStore > setFeedbackStatus > should set feedback status to not_written
(pass) useChatStore > setFeedbackStatus > should set feedback status to written
(pass) useChatStore > setCreatedRoom > should set created room [0.02ms]
(pass) useChatStore > setCreatedRoom > should clear created room [0.03ms]
(pass) useChatStore > reset > should reset all state to initial values
(pass) useChatStore > resetCurrentRoom > should only reset current room related state
(pass) useChatStore > selectors > should provide current room via state [0.13ms]
(pass) useChatStore > selectors > should provide messages via state [0.03ms]
(pass) useChatStore > selectors > should provide rooms via state [0.01ms]
(pass) useChatStore > selectors > should provide loading state via state [0.02ms]
(pass) useChatStore > selectors > should provide new message via state

src/__tests__/lib/security/mfa.test.ts:
(pass) MFAService > Core functionality > should be defined
(pass) MFAService > MFA Method Types > should support email method
(pass) MFAService > MFA Method Types > should support sms method
(pass) MFAService > AAL Levels > should define aal1 level
(pass) MFAService > AAL Levels > should define aal2 level

src/__tests__/lib/security/rateLimit.test.ts:
(pass) Rate Limiting > checkRateLimit > should return success in development mode [1.03ms]
(pass) Rate Limiting > checkRateLimit > should return success when Redis not configured
(pass) Rate Limiting > checkRateLimit > should check rate limit with standard limiter in production [0.11ms]
(pass) Rate Limiting > checkRateLimit > should return failure when rate limit exceeded [0.08ms]
(pass) Rate Limiting > checkRateLimit > should use custom identifier when provided [0.05ms]
(pass) Rate Limiting > checkRateLimit > should handle different rate limit types [0.05ms]
(pass) Rate Limiting > getClientIdentifier (via checkRateLimit) > should use cf-connecting-ip header when available [0.05ms]
(pass) Rate Limiting > getClientIdentifier (via checkRateLimit) > should use x-real-ip header when cf-connecting-ip not available [0.01ms]
(pass) Rate Limiting > getClientIdentifier (via checkRateLimit) > should use x-forwarded-for header as fallback [0.05ms]
(pass) Rate Limiting > getClientIdentifier (via checkRateLimit) > should use anonymous when no headers available [0.04ms]
(pass) Rate Limiting > requireRateLimit > should not throw when under rate limit [0.06ms]
(pass) Rate Limiting > requireRateLimit > should throw when rate limit exceeded [0.07ms]
(pass) Rate Limiting > requireRateLimit > should include reset time in error message [0.08ms]
(pass) Rate Limiting > requireRateLimit > should not throw in development mode [0.04ms]
(pass) Rate Limiting > withRateLimit > should execute action when under rate limit [0.09ms]
(pass) Rate Limiting > withRateLimit > should not execute action when rate limited [0.06ms]
(pass) Rate Limiting > withRateLimit > should pass through action errors [0.04ms]
(pass) Rate Limiting > withRateLimit > should preserve action return type [0.06ms]
(pass) Rate Limiting > withRateLimit > should use specified rate limit type
(pass) Rate Limiting > RateLimitType > should export correct rate limit types
(pass) Rate Limiting > Edge Cases > should handle undefined identifier gracefully
(pass) Rate Limiting > Edge Cases > should handle empty string identifier

src/__tests__/lib/security/auditLog.test.ts:
(pass) AuditLogService > Action Types > should define user management actions
(pass) AuditLogService > Action Types > should define listing management actions
(pass) AuditLogService > Action Types > should define system actions
(pass) AuditLogService > Resource Types > should support user resource type
(pass) AuditLogService > Resource Types > should support listing resource type
(pass) AuditLogService > Risk Scoring > should categorize low risk actions
(pass) AuditLogService > Risk Scoring > should categorize medium risk actions
(pass) AuditLogService > Risk Scoring > should categorize high risk actions
(pass) AuditLogService > AAL Level Impact > should have higher risk for aal1 sessions
(pass) AuditLogService > AAL Level Impact > should have lower risk for aal2 sessions
(pass) AuditLogService > SOC 2 Compliance Fields > should require admin_id
(pass) AuditLogService > SOC 2 Compliance Fields > should require action type
(pass) AuditLogService > SOC 2 Compliance Fields > should track success/failure status
(pass) AuditLogService > SOC 2 Compliance Fields > should capture IP address

src/__tests__/lib/auth/session.test.ts:
(pass) Session Management > getSession > should be exported from session module [0.41ms]
(pass) Session Management > refreshSession > should be exported from session module
(pass) Session Management > clearSession > should be exported from session module
(pass) Session Management > sessionManager > should be re-exported from supabase session
(pass) Session Management > initializeSessionManagement > should be re-exported from supabase session [0.27ms]
(pass) Session Management > Session Types > should handle null sessions
(pass) Session Management > Session Types > should define session structure expectations

src/__tests__/lib/auth/client.test.ts:
(pass) Auth Client > supabase export > should be exported from client module [0.51ms]
(pass) Auth Client > supabase export > should have auth property
(pass) Auth Client > supabase export > should have from method for table queries
(pass) Auth Client > isStorageHealthy export > should be exported from client module
(pass) Auth Client > Client Configuration > should connect to correct supabase project
(pass) Auth Client > Client Configuration > should have anonymous key for client access

src/__tests__/lib/auth/api.test.ts:
(pass) Authentication API > auth object > should be exported from api module [0.24ms]
(pass) Authentication API > Sign Up > should have signUp method [0.11ms]
(pass) Authentication API > Sign Up > should accept SignUpData parameter
(pass) Authentication API > Sign In > should have signIn method
(pass) Authentication API > Sign In > should have signInWithOtp method
(pass) Authentication API > Sign In > should have signInWithProvider method
(pass) Authentication API > OAuth > should have verifyOAuthState method for CSRF protection
(pass) Authentication API > OAuth > should have getReturnUrl method
(pass) Authentication API > OAuth > should support common OAuth providers
(pass) Authentication API > Sign Out > should have signOut method
(pass) Authentication API > Session Management > should have getSession method
(pass) Authentication API > Session Management > should have getUser method
(pass) Authentication API > Session Management > should have refreshSession method
(pass) Authentication API > Password Management > should have resetPassword method [0.13ms]
(pass) Authentication API > Password Management > should have updatePassword method
(pass) Authentication API > User Updates > should have updateEmail method
(pass) Authentication API > User Updates > should have updateMetadata method [0.08ms]
(pass) Authentication API > Auth State > should have onAuthStateChange method
(pass) Authentication API > CSRF Protection > should verify OAuth state matches
(pass) Authentication API > CSRF Protection > should reject mismatched OAuth state
(pass) Authentication API > CSRF Protection > should reject null states

src/__tests__/lib/data/auth.test.ts:
(pass) Auth Data Functions > getCurrentUser > should return null when not authenticated [0.28ms]
(pass) Auth Data Functions > getCurrentUser > should return user with profile when authenticated [0.10ms]
(pass) Auth Data Functions > getCurrentUser > should return user without profile when profile fetch fails [0.05ms]
(pass) Auth Data Functions > getCurrentUser > should return null when auth error occurs [0.05ms]
(pass) Auth Data Functions > checkUserIsAdmin > should return isAdmin true for admin role [0.07ms]
(pass) Auth Data Functions > checkUserIsAdmin > should return isAdmin true for superadmin role [0.02ms]
(pass) Auth Data Functions > checkUserIsAdmin > should return isAdmin false for regular user
(pass) Auth Data Functions > checkUserIsAdmin > should return isAdmin false when no roles
(pass) Auth Data Functions > getAuthSession > should return unauthenticated session when no user [0.11ms]
(pass) Auth Data Functions > getAuthSession > should return authenticated session with admin status [0.03ms]
(pass) Auth Data Functions > getAuthSession > should return authenticated session for regular user [0.04ms]

src/__tests__/lib/data/products.test.ts:
(pass) Products Data Functions > getProducts > should return products for a given type [0.18ms]
(pass) Products Data Functions > getProducts > should return empty array when no products found
(pass) Products Data Functions > getProducts > should throw error on database failure
(pass) Products Data Functions > getProducts > should handle pagination with cursor
(pass) Products Data Functions > getProducts > should normalize product type to lowercase [0.19ms]
(pass) Products Data Functions > getProductsPaginated > should return paginated results with metadata [0.09ms]
(pass) Products Data Functions > getProductsPaginated > should indicate no more items when at end
(pass) Products Data Functions > getProductsPaginated > should throw error on database failure
(pass) Products Data Functions > getAllProducts > should return all active products
(pass) Products Data Functions > getAllProducts > should return empty array when no products
(pass) Products Data Functions > getAllProducts > should throw error on database failure
(pass) Products Data Functions > getProductById > should return product with reviews
(pass) Products Data Functions > getProductById > should return null for non-existent product
(pass) Products Data Functions > getProductById > should throw error for other database errors
(pass) Products Data Functions > getProductLocations > should return locations for map display [0.38ms]
(pass) Products Data Functions > getProductLocations > should return empty array when no locations [0.03ms]
(pass) Products Data Functions > getProductLocations > should throw error on database failure
(pass) Products Data Functions > getAllProductLocations > should return all product locations
(pass) Products Data Functions > getAllProductLocations > should throw error on database failure
(pass) Products Data Functions > getUserProducts > should return all products for a user [0.13ms]
(pass) Products Data Functions > getUserProducts > should return empty array for user with no products
(pass) Products Data Functions > getUserProducts > should throw error on database failure [0.06ms]
(pass) Products Data Functions > searchProducts > should return matching products [0.10ms]
(pass) Products Data Functions > searchProducts > should filter by product type when specified [0.03ms]
(pass) Products Data Functions > searchProducts > should search all types when type is 'all' [0.04ms]
(pass) Products Data Functions > searchProducts > should return empty array when no matches [0.02ms]
(pass) Products Data Functions > searchProducts > should throw error on database failure
(pass) Products Data Functions > getPopularProductIds > should return array of product IDs [0.09ms]
(pass) Products Data Functions > getPopularProductIds > should return empty array when no products
(pass) Products Data Functions > getPopularProductIds > should throw error on database failure
(pass) Products Data Functions > getPopularProductIds > should use default limit of 50 [0.08ms]

src/__tests__/lib/data/profiles.test.ts:
(pass) Profiles Data Functions > getProfile > should return profile when found [0.39ms]
(pass) Profiles Data Functions > getProfile > should return null when profile not found
(pass) Profiles Data Functions > getProfile > should throw error for database errors
(pass) Profiles Data Functions > getPublicProfile > should return public profile fields only [0.21ms]
(pass) Profiles Data Functions > getPublicProfile > should return null when user not found [0.05ms]
(pass) Profiles Data Functions > getUserStats > should return user statistics [0.19ms]
(pass) Profiles Data Functions > getUserStats > should handle user with no activity [0.06ms]
(pass) Profiles Data Functions > getUserRoles > should return user roles [0.08ms]
(pass) Profiles Data Functions > getUserRoles > should return empty array for user with no roles
(pass) Profiles Data Functions > hasUserRole > should return true when user has role
(pass) Profiles Data Functions > hasUserRole > should return false when user does not have role

src/__tests__/lib/data/chat.test.ts:
(pass) Chat Data Functions > getUserChatRooms > should return chat rooms for a user [0.39ms]
(pass) Chat Data Functions > getUserChatRooms > should return empty array when user has no rooms [0.07ms]
Error fetching chat rooms: {
  message: "Database error",
}
(pass) Chat Data Functions > getUserChatRooms > should return empty array on error [0.04ms]
(pass) Chat Data Functions > getChatRoom > should return a specific chat room
Error fetching chat room: {
  message: "Not found",
  code: "PGRST116",
}
(pass) Chat Data Functions > getChatRoom > should return null when room not found [0.13ms]
(pass) Chat Data Functions > getChatMessages > should return messages for a room in chronological order [0.13ms]
(pass) Chat Data Functions > getChatMessages > should return empty array for room with no messages [0.03ms]
Error fetching messages: {
  message: "Database error",
}
(pass) Chat Data Functions > getChatMessages > should return empty array on error [0.04ms]
(pass) Chat Data Functions > getChatMessages > should support pagination parameters
(pass) Chat Data Functions > getUnreadMessageCount > should return count of unread rooms [0.09ms]
(pass) Chat Data Functions > getUnreadMessageCount > should return 0 when no unread messages [0.05ms]
Error fetching unread count: {
  message: "Database error",
}
(pass) Chat Data Functions > getUnreadMessageCount > should return 0 on error [0.02ms]
(pass) Chat Data Functions > getAllUserChats > should return unified chat rooms with sharer role [0.17ms]
(pass) Chat Data Functions > getAllUserChats > should return unified chat rooms with requester role
(pass) Chat Data Functions > getAllUserChats > should mark accepted requests correctly
(pass) Chat Data Functions > getAllUserChats > should sort rooms with unread first, then by time [0.19ms]
(pass) Chat Data Functions > getAllUserChats > should return empty array when user has no chats
(pass) Chat Data Functions > getTotalUnreadCount > should delegate to getUnreadMessageCount

src/lib/logger/__tests__/pretty.test.ts:
(pass) Pretty Logger > log levels > should log info messages [0.76ms]
(pass) Pretty Logger > log levels > should log success messages
(pass) Pretty Logger > log levels > should log warning messages [0.42ms]
🔍 Error Test
📍 Stack Trace
Error: Test
    at <anonymous> (/Users/organic/dev/work/foodshare/foodshare-web/src/lib/logger/__tests__/pretty.test.ts:38:46)
(pass) Pretty Logger > log levels > should log error messages [0.04ms]
(pass) Pretty Logger > specialized logs > should log API requests [0.18ms]
(pass) Pretty Logger > specialized logs > should log database queries [0.08ms]
(pass) Pretty Logger > specialized logs > should log performance measurements
(pass) Pretty Logger > context handling > should include component context
📦 Data {
  foo: "bar",
}
(pass) Pretty Logger > context handling > should handle data parameter [0.14ms]
(pass) Logger Styles > getTimingStyle > should return fast style for < 100ms
(pass) Logger Styles > getTimingStyle > should return slow style for 100-500ms
(pass) Logger Styles > getTimingStyle > should return critical style for > 500ms [0.07ms]
(pass) Logger Styles > getStatusStyle > should return success style for 2xx
(pass) Logger Styles > getStatusStyle > should return warning style for 4xx
(pass) Logger Styles > getStatusStyle > should return error style for 5xx

src/lib/testing/__tests__/circuit-breaker.test.ts:
(pass) CircuitBreaker > state transitions > should start in CLOSED state [0.09ms]
(pass) CircuitBreaker > state transitions > should transition to OPEN after failure threshold [0.22ms]
(pass) CircuitBreaker > state transitions > should reject immediately when OPEN [0.08ms]
(pass) CircuitBreaker > state transitions > should transition to HALF_OPEN after reset timeout [83.24ms]
(pass) CircuitBreaker > recovery > should close circuit after successful call in HALF_OPEN [81.35ms]
(pass) CircuitBreaker > recovery > should reopen circuit on failure in HALF_OPEN [82.47ms]
(pass) CircuitBreaker > with retry pattern > should work with failing-then-succeeding function [0.48ms]
(pass) CircuitBreaker > metrics > should track success and failure counts [0.30ms]

src/lib/testing/__tests__/api-mocking.test.ts:
(pass) API Mocking - Unit Tests > mockSuccess > should create success response with correct format [0.25ms]
(pass) API Mocking - Unit Tests > mockError > should create error response with correct format [0.08ms]
(pass) API Mocking - Unit Tests > mockFactories > should create product with defaults [0.08ms]
(pass) API Mocking - Unit Tests > mockFactories > should allow overrides [0.18ms]
(pass) API Mocking - Unit Tests > mockFactories > should create user with defaults [0.08ms]
(pass) API Mocking - Unit Tests > mockFactories > should create room with defaults
(pass) API Mocking - Unit Tests > mockFactories > should create message with defaults

1 tests failed:
(fail) Auth Server Actions > getSession > should return session when authenticated [0.26ms]
------------------------------------------|---------|---------|-------------------
File                                      | % Funcs | % Lines | Uncovered Line #s
------------------------------------------|---------|---------|-------------------
All files                                 |   36.39 |   46.30 |
 src/__tests__/happydom.ts                |  100.00 |  100.00 | 
 src/__tests__/mock-state.ts              |  100.00 |  100.00 | 
 src/__tests__/setup.ts                   |   14.29 |   67.52 | 50-51,80-82,112-118,131-136,142-148,158-159,171-179,186-190,195-203
 src/api/campaignAPI.ts                   |    0.00 |    6.79 | 42-83,90-113,120-127,134-187,194-201,208-263,271-283,290-308,319-343,350-369,376-383,390-400,407-507,515-604,616-645,652-678,685-696,703-718,725-763,775-785,792-858,865-880,887-902,909-923
 src/api/segmentBuilderAPI.ts             |   40.00 |   26.81 | 20-39,48-151,191,194,199,204,209-211,214-216,221-224,229,234-236,241,244,249,279-281,296-297,310-328,333-351,356-368,373-385,390-410,415-420,451-523
 src/app/actions/analytics.ts             |   50.00 |   16.28 | 42-77
 src/app/actions/auth.ts                  |   90.00 |   82.48 | 51,60-70,93-99,145,147-151,153,169,190-192,235-237,296-297,337,366-370
 src/app/actions/email.ts                 |   95.24 |   88.62 | 39-45,188,215-219,254,285-289,324,347,354-358,393,421,428-432,467,496-500,550,577-581,617-621,661,696-700
 src/app/actions/newsletter.ts            |  100.00 |   92.65 | 143,195-196,211-212,258-259,271-272,322-323,363-365,372-373,409-410,468-469,484-485,549-550,566-567,603-604,616-617,659-661
 src/emails/render.ts                     |    0.00 |   16.33 | 14,34-45,57-68,82-92,100-120,128-152
 src/lib/api/circuit-breaker.ts           |   62.50 |   79.87 | 81-87,221-224,231-235,273-278,285-289,296-298
 src/lib/api/retry.ts                     |    0.00 |   29.63 | 43-63,70-106,113,128-159,172-175
 src/lib/auth/api.ts                      |    0.00 |    7.33 | 28,35,43-107,114-118,125-185,192-197
 src/lib/auth/client.ts                   |  100.00 |  100.00 | 
 src/lib/auth/session.ts                  |    0.00 |   11.11 | 16-27,35-46,54-61
 src/lib/cache/index.ts                   |  100.00 |  100.00 | 
 src/lib/cache/invalidation.ts            |    0.00 |   10.29 | 93,100-105,112-128,135-139,146-155,162-172,179-290,297,311-316,323,330,337,344,355-391,398-405
 src/lib/cache/multi-layer.ts             |    0.00 |    8.16 | 78,82-96,100-108,112,116-123,127-134,138,142-148,166-383,388-393,412-612,628-631,638,645-649,656-660,667,674,681,688
 src/lib/constants.ts                     |    0.00 |   98.53 | 218
 src/lib/data/admin-check.ts              |   62.50 |   39.13 | 28-29,40-41,64-74,81-91,98-113
 src/lib/data/auth.ts                     |  100.00 |   89.55 | 100-105
 src/lib/data/cache-invalidation.ts       |   20.00 |   47.37 | 32,39,46-52
 src/lib/data/chat.ts                     |   92.31 |   62.99 | 130-182,313,315-317
 src/lib/data/products.ts                 |  100.00 |   99.43 | 
 src/lib/data/profiles.ts                 |   72.22 |   40.59 | 123,170-183,225-264,275-283,291-335,343-353
 src/lib/email/database-templates.ts      |    0.00 |   13.79 | 68-121,129-152,165-182,189-205,213-241,273-274,286,293,300-303
 src/lib/email/send.ts                    |    0.00 |   13.09 | 100-138,152-193,201-208,244-321,335-402,410-413
 src/lib/email/type-guards.ts             |    0.00 |   60.00 | 29,36,43-45,52-54,61
 src/lib/email/unified-service.ts         |    0.00 |    8.09 | 94-248,256-282,289-338,346-401,409-447,456-487,496-545
 src/lib/errors.ts                        |  100.00 |  100.00 | 
 src/lib/errors/api.ts                    |    0.00 |   58.82 | 45-56,63-68,76,83
 src/lib/errors/auth.ts                   |    0.00 |   33.33 | 82-111,118-125,133-138,146-152,160-166,173-198
 src/lib/errors/guards.ts                 |    0.00 |   17.24 | 11,15,19-21,33-42,50-53,60-64
 src/lib/errors/handler.ts                |    7.69 |   13.51 | 41-80,87-90,97-136,143-157,164-176,183,200-227,235-251,259
 src/lib/errors/index.ts                  |  100.00 |  100.00 | 
 src/lib/errors/recovery.ts               |    0.00 |    4.74 | 92-117,124-141,149-156,164-185,192-203,210-230,241-250,257-266,273-290,297-309,346-351,362-366,374-385
 src/lib/errors/server-actions.ts         |   10.00 |   23.48 | 19,23,27-29,33,37,41,45,49,53-55,59,67,75,99,110-112,119-121,129-134,146-190,199-212
 src/lib/errors/supabase.ts               |    0.00 |    1.69 | 11-64,71-74
 src/lib/errors/validation.ts             |    0.00 |    9.52 | 14-21,28-38
 src/lib/logger/advanced.ts               |    0.00 |    8.68 | 16-24,31-63,71-78,86-104,111-129,136-153,160-168,175-179,186-222,229-248,255-278,285-297,304-310
 src/lib/logger/base.ts                   |   77.78 |   77.40 | 117-119,174-181,201-221
 src/lib/logger/console-theme.ts          |    0.00 |   19.67 | 25-37,45-55,63-76,84-93,101-107,115-121,129-135,143-158,166-178
 src/lib/logger/debug.ts                  |    0.00 |   11.48 | 15-87,96-114,121-133,141-167,176-185,193-221,229-230,237-249,257-270,278-293
 src/lib/logger/enhanced.ts               |    0.00 |   14.17 | 12,16-19,31-59,66-101,108-136,143-166,174-210,217-231,238-253,260-283,290,297,304,311,318,325,333-342,351-363,367-381,385-388,392-396,400-413,417-419,423-426,430-447,451,455,459,463,467,471,480,483,486,489,492,495,498,501,504,507,510,513,516
 src/lib/logger/fetch.ts                  |    0.00 |    8.06 | 18-48,56-57,64-87
 src/lib/logger/index.ts                  |  100.00 |  100.00 | 
 src/lib/logger/init.ts                   |    0.00 |   10.11 | 42-51,59-107,114-138,145-216,223,230-232
 src/lib/logger/interceptor.ts            |    0.00 |   21.48 | 32,39-44,51-102,110-141,149-152,159-167,174,181,188-198
 src/lib/logger/network.ts                |    0.00 |   12.50 | 25,29-31,35-39,43-50,54-59,70-91,98-134,141-198,206-244,251-252,259,268-270,274-278,282-292,296,300,304,313,316,319,322,325
 src/lib/logger/pretty.ts                 |   41.67 |   50.00 | 25,63-66,104,155-162,176-196,204-215,222-232,249,267-269,276-282,290-295,305-321,325-339,343-353,357-363,367-380,384-388,393-394,403,406,430,433,436,439,442
 src/lib/logger/profiler.ts               |    0.00 |    9.72 | 43,50-73,80-111,119-126,134-174,181-219,227-240,247-254,259-282,289-291
 src/lib/logger/styles.ts                 |  100.00 |   98.23 | 195-196
 src/lib/logger/table.ts                  |    0.00 |   10.12 | 21-28,35-45,56-82,89-106,113-138,145-156,163-190,199-231,235-243,247-262,266-272,276-297,306,309,312,315
 src/lib/notifications/api-client.ts      |    0.00 |    7.06 | 109-113,120-171,188-190,206-208,223-225,245-250,266-272
 src/lib/notifications/index.ts           |  100.00 |  100.00 | 
 src/lib/observability/metrics.ts         |    0.00 |   19.92 | 134,141-195,203-244,252,259,266-268,275-278,285,292-298,305-308,315-367,374-388,402-405,412-417,424,431,438,445,452,459,466
 src/lib/realtime/index.ts                |  100.00 |  100.00 | 
 src/lib/realtime/manager.ts              |    0.00 |   16.52 | 161-162,169-172,179-182,189,196-216,223-241,248-272,279-294,301-321,328-348,356-374,381-391,398-411,418-438,446-465,472-490,497-502,509-512,519-522,529,536-540,547-558,565-572,584,591-593
 src/lib/realtime/presence.ts             |    0.00 |    0.88 | 80-180,231-354
 src/lib/security/rateLimit.ts            |  100.00 |  100.00 | 
 src/lib/structured-logger.ts             |   61.11 |   68.52 | 101-123,184,229,241-259,277-278,297-301
 src/lib/supabase/client.ts               |   66.67 |  100.00 | 
 src/lib/supabase/session.ts              |    0.00 |   15.96 | 43-59,75-112,120-141,148-151,159-212,221-232,239-246,255-278
 src/lib/testing/enterprise-test-utils.ts |   13.64 |   12.78 | 42-50,58-74,116-133,140-144,156-178,186-223,234-282,293-349,356-390,402-404,412-414,421-433,444-487
 src/lib/testing/mock-factories.ts        |  100.00 |  100.00 | 
 src/lib/utils.ts                         |   14.29 |   22.03 | 7,27-50,58-66,73-83
 src/lib/validators/email.ts              |    0.00 |    5.26 | 10-18,27-35
 src/store/zustand/useAuthStore.ts        |   34.29 |   94.57 | 120-124
 src/store/zustand/useChatStore.ts        |   68.75 |  100.00 | 
 src/trigger/email-queue.ts               |    0.00 |   18.75 | 59-93,125-167
 src/utils/getDistanceFromLatLonInKm.ts   |  100.00 |  100.00 | 
 src/utils/postgis.ts                     |   25.00 |   21.09 | 20-65,72-80,89,117-120,144-171,179-183,205,207-213
------------------------------------------|---------|---------|-------------------

 401 pass
 1 fail
 730 expect() calls
Ran 402 tests across 22 files. [835.00ms]
error: script "test:ci" exited with code 1
